// Jest Snapshot v1, https://goo.gl/fbAQLP

exports[`<Landing /> should render correctly 1`] = `
<article>
  <nav>
    <a
      href="/login"
    >
      Sign In
    </a>
    <a
      href="/register"
    >
      Register
    </a>
  </nav>
  <header>
    <h1>
      SINBA
    </h1>
  </header>
  <main>
    <nav>
      <a
        href="https://github.com/LASAC/SINBA/wiki"
      >
        Documentation
      </a>
      <a
        href="http://lasac.ledes.net"
      >
        LASAC
      </a>
      <a
        href="http://www.ledes.net"
      >
        LEDES
      </a>
      <a
        href="https://ufms.br"
      >
        UFMS
      </a>
    </nav>
  </main>
</article>
`;
